Using profile /mnt/beegfs/pipelines/single-cell/lr_1.3_test/single-cell/profiles/slurm for setting default command line arguments.

############################################################# 


	 Single-cell RNA-seq pipeline 


############################################################# 


#################### Setting Parameters ####################

Temporary directory is set to: /mnt/beegfs/scratch/r_jelin/single_cell_long_reads/tmp/
Note: No sample.name.ge or input.dir.ge find in Droplets_QC_GE section of configfile; sample.name.ge and input.dir.ge will be determine from Alignment_countTable_LR_GE step for Droplets_QC_GE step!
Note: No input.rda.ge find in Filtering_GE section of configfile; input.rda.ge will be determine from Droplets_QC_GE step for Filtering_GE step!
Note: No output.dir.ge find in Filtering_GE section of configfile; output.dir.ge will be determine from Droplets_QC_GE step for Filtering_GE step!
Note: No input.rda.ge find in Norm_DimRed_Eval_GE section of configfile; input.rda.ge will be determine from Filtering_GE step for Norm_DimRed_Eval_GE step!
Note: No output.dir.ge find in Norm_DimRed_Eval_GE section of configfile; output.dir.ge will be determine from Filtering_GE step for Norm_DimRed_Eval_GE step!
Note: No input.rda.ge and sample.name.ge find in Clust_Markers_Annot_GE section of configfile; input.rda.ge and sample.name.ge will be determine from Norm_DimRed_Eval_GE step for Clust_Markers_Annot_GE step!
Note: No output.dir.ge find in Clust_Markers_Annot_GE section of configfile; output.dir.ge will be determine from Norm_DimRed_Eval_GE step for Clust_Markers_Annot_GE step!
Note: input.rda will be determine from Clust_Markers_Annot_GE step for Isoform_Markers_GE step!
Note: input.rda will be determine from Clust_Markers_Annot_GE step for Cerebro step!

########################### Run ############################

Building DAG of jobs...
Your conda installation is not configured to use strict channel priorities. This is however crucial for having robust and correct environments (for details, see https://conda-forge.org/docs/user/tipsandtricks.html). Please consider to configure strict priorities by executing 'conda config --set channel_priority strict'.
Using shell: /usr/bin/bash
Provided cluster nodes: 30
Job stats:
job                 count
----------------  -------
all                     1
extract_barcodes        2
total                   3

Select jobs to execute...

[Fri Feb  7 10:54:59 2025]
rule extract_barcodes:
    input: /mnt/beegfs/scratch/bioinfo_core/B24078_ERSO_01/data_output/4383_tumoral_GE/4383_tumoral_GE/4383_tumoral_GE_dims21_res0.2_sobj_isoform.rda
    output: /mnt/beegfs/scratch/bioinfo_core/B24078_ERSO_01/data_output/4383_tumoral_GE/4383_tumoral_GE/SNV_COMPARE/barcodes_ctrl.txt, /mnt/beegfs/scratch/bioinfo_core/B24078_ERSO_01/data_output/4383_tumoral_GE/4383_tumoral_GE/SNV_COMPARE/barcodes_ofint.txt
    jobid: 410
    reason: Missing output files: /mnt/beegfs/scratch/bioinfo_core/B24078_ERSO_01/data_output/4383_tumoral_GE/4383_tumoral_GE/SNV_COMPARE/barcodes_ofint.txt, /mnt/beegfs/scratch/bioinfo_core/B24078_ERSO_01/data_output/4383_tumoral_GE/4383_tumoral_GE/SNV_COMPARE/barcodes_ctrl.txt
    wildcards: sample_name_ge=4383_tumoral_GE
    threads: 2
    resources: mem_mb=5120, mem_mib=4883, disk_mb=1000, disk_mib=954, tmpdir=<TBD>, time_min=20


        module load singularity
            
        singularity exec --no-home -B /mnt/beegfs/scratch/bioinfo_core/B24078_ERSO_01/data_output/:/mnt/beegfs/scratch/bioinfo_core/B24078_ERSO_01/data_output/ -B /mnt/beegfs/pipelines/single-cell/lr_1.3_test/single-cell_old:/mnt/beegfs/pipelines/single-cell/lr_1.3_test/single-cell_old /mnt/beegfs/pipelines/single-cell/lr_1.3_test/single-cell_old/envs/singularity/single_cell.simg Rscript         /mnt/beegfs/pipelines/single-cell/lr_1.3_test/single-cell_old/scripts/LR/get_barcodes_variants_compare.R         --input_rda_ge /mnt/beegfs/scratch/bioinfo_core/B24078_ERSO_01/data_output/4383_tumoral_GE/4383_tumoral_GE/4383_tumoral_GE_dims21_res0.2_sobj_isoform.rda         --output_cluster_ctrl /mnt/beegfs/scratch/bioinfo_core/B24078_ERSO_01/data_output/4383_tumoral_GE/4383_tumoral_GE/SNV_COMPARE/barcodes_ctrl.txt         --output_cluster_ofint /mnt/beegfs/scratch/bioinfo_core/B24078_ERSO_01/data_output/4383_tumoral_GE/4383_tumoral_GE/SNV_COMPARE/barcodes_ofint.txt         --cluster_ctrl 2,0         --cluster_ofint 1,9
        
/mnt/beegfs/pipelines/single-cell/lr_1.3_test/single-cell/profiles/slurm/slurm-submit.py:154: SyntaxWarning: invalid escape sequence '\d'
  m = re.search("Submitted batch job (\d+)", res)
Submitted job 410 with external jobid '3381518'.

[Fri Feb  7 10:55:15 2025]
rule extract_barcodes:
    input: /mnt/beegfs/scratch/bioinfo_core/B24078_ERSO_01/data_output/4383_tumoral_CD45_pos_GE/4383_tumoral_CD45_pos_GE/4383_tumoral_CD45_pos_GE_dims25_res0.2_sobj_isoform.rda
    output: /mnt/beegfs/scratch/bioinfo_core/B24078_ERSO_01/data_output/4383_tumoral_CD45_pos_GE/4383_tumoral_CD45_pos_GE/SNV_COMPARE/barcodes_ctrl.txt, /mnt/beegfs/scratch/bioinfo_core/B24078_ERSO_01/data_output/4383_tumoral_CD45_pos_GE/4383_tumoral_CD45_pos_GE/SNV_COMPARE/barcodes_ofint.txt
    jobid: 411
    reason: Missing output files: /mnt/beegfs/scratch/bioinfo_core/B24078_ERSO_01/data_output/4383_tumoral_CD45_pos_GE/4383_tumoral_CD45_pos_GE/SNV_COMPARE/barcodes_ctrl.txt, /mnt/beegfs/scratch/bioinfo_core/B24078_ERSO_01/data_output/4383_tumoral_CD45_pos_GE/4383_tumoral_CD45_pos_GE/SNV_COMPARE/barcodes_ofint.txt
    wildcards: sample_name_ge=4383_tumoral_CD45_pos_GE
    threads: 2
    resources: mem_mb=5120, mem_mib=4883, disk_mb=1000, disk_mib=954, tmpdir=<TBD>, time_min=20


        module load singularity
            
        singularity exec --no-home -B /mnt/beegfs/scratch/bioinfo_core/B24078_ERSO_01/data_output/:/mnt/beegfs/scratch/bioinfo_core/B24078_ERSO_01/data_output/ -B /mnt/beegfs/pipelines/single-cell/lr_1.3_test/single-cell_old:/mnt/beegfs/pipelines/single-cell/lr_1.3_test/single-cell_old /mnt/beegfs/pipelines/single-cell/lr_1.3_test/single-cell_old/envs/singularity/single_cell.simg Rscript         /mnt/beegfs/pipelines/single-cell/lr_1.3_test/single-cell_old/scripts/LR/get_barcodes_variants_compare.R         --input_rda_ge /mnt/beegfs/scratch/bioinfo_core/B24078_ERSO_01/data_output/4383_tumoral_CD45_pos_GE/4383_tumoral_CD45_pos_GE/4383_tumoral_CD45_pos_GE_dims25_res0.2_sobj_isoform.rda         --output_cluster_ctrl /mnt/beegfs/scratch/bioinfo_core/B24078_ERSO_01/data_output/4383_tumoral_CD45_pos_GE/4383_tumoral_CD45_pos_GE/SNV_COMPARE/barcodes_ctrl.txt         --output_cluster_ofint /mnt/beegfs/scratch/bioinfo_core/B24078_ERSO_01/data_output/4383_tumoral_CD45_pos_GE/4383_tumoral_CD45_pos_GE/SNV_COMPARE/barcodes_ofint.txt         --cluster_ctrl 3         --cluster_ofint 1
        
/mnt/beegfs/pipelines/single-cell/lr_1.3_test/single-cell/profiles/slurm/slurm-submit.py:154: SyntaxWarning: invalid escape sequence '\d'
  m = re.search("Submitted batch job (\d+)", res)
Submitted job 411 with external jobid '3381519'.
[Fri Feb  7 10:56:57 2025]
Error in rule extract_barcodes:
    jobid: 410
    input: /mnt/beegfs/scratch/bioinfo_core/B24078_ERSO_01/data_output/4383_tumoral_GE/4383_tumoral_GE/4383_tumoral_GE_dims21_res0.2_sobj_isoform.rda
    output: /mnt/beegfs/scratch/bioinfo_core/B24078_ERSO_01/data_output/4383_tumoral_GE/4383_tumoral_GE/SNV_COMPARE/barcodes_ctrl.txt, /mnt/beegfs/scratch/bioinfo_core/B24078_ERSO_01/data_output/4383_tumoral_GE/4383_tumoral_GE/SNV_COMPARE/barcodes_ofint.txt
    shell:
        
        module load singularity
            
        singularity exec --no-home -B /mnt/beegfs/scratch/bioinfo_core/B24078_ERSO_01/data_output/:/mnt/beegfs/scratch/bioinfo_core/B24078_ERSO_01/data_output/ -B /mnt/beegfs/pipelines/single-cell/lr_1.3_test/single-cell_old:/mnt/beegfs/pipelines/single-cell/lr_1.3_test/single-cell_old /mnt/beegfs/pipelines/single-cell/lr_1.3_test/single-cell_old/envs/singularity/single_cell.simg Rscript         /mnt/beegfs/pipelines/single-cell/lr_1.3_test/single-cell_old/scripts/LR/get_barcodes_variants_compare.R         --input_rda_ge /mnt/beegfs/scratch/bioinfo_core/B24078_ERSO_01/data_output/4383_tumoral_GE/4383_tumoral_GE/4383_tumoral_GE_dims21_res0.2_sobj_isoform.rda         --output_cluster_ctrl /mnt/beegfs/scratch/bioinfo_core/B24078_ERSO_01/data_output/4383_tumoral_GE/4383_tumoral_GE/SNV_COMPARE/barcodes_ctrl.txt         --output_cluster_ofint /mnt/beegfs/scratch/bioinfo_core/B24078_ERSO_01/data_output/4383_tumoral_GE/4383_tumoral_GE/SNV_COMPARE/barcodes_ofint.txt         --cluster_ctrl 2,0         --cluster_ofint 1,9
        
        (one of the commands exited with non-zero exit code; note that snakemake uses bash strict mode!)
    cluster_jobid: 3381518

Error executing rule extract_barcodes on cluster (jobid: 410, external: 3381518, jobscript: /mnt/beegfs/pipelines/single-cell/lr_1.3_test/single-cell/test/log/.snakemake/tmp.74wa97gr/extract_barcodes.410.snakejob). For error details see the cluster log and the log files of the involved rule(s).
Trying to restart job 410.
Select jobs to execute...

[Fri Feb  7 10:56:57 2025]
rule extract_barcodes:
    input: /mnt/beegfs/scratch/bioinfo_core/B24078_ERSO_01/data_output/4383_tumoral_GE/4383_tumoral_GE/4383_tumoral_GE_dims21_res0.2_sobj_isoform.rda
    output: /mnt/beegfs/scratch/bioinfo_core/B24078_ERSO_01/data_output/4383_tumoral_GE/4383_tumoral_GE/SNV_COMPARE/barcodes_ctrl.txt, /mnt/beegfs/scratch/bioinfo_core/B24078_ERSO_01/data_output/4383_tumoral_GE/4383_tumoral_GE/SNV_COMPARE/barcodes_ofint.txt
    jobid: 410
    reason: Missing output files: /mnt/beegfs/scratch/bioinfo_core/B24078_ERSO_01/data_output/4383_tumoral_GE/4383_tumoral_GE/SNV_COMPARE/barcodes_ofint.txt, /mnt/beegfs/scratch/bioinfo_core/B24078_ERSO_01/data_output/4383_tumoral_GE/4383_tumoral_GE/SNV_COMPARE/barcodes_ctrl.txt
    wildcards: sample_name_ge=4383_tumoral_GE
    threads: 2
    resources: mem_mb=10240, mem_mib=9766, disk_mb=1000, disk_mib=954, tmpdir=<TBD>, time_min=40


        module load singularity
            
        singularity exec --no-home -B /mnt/beegfs/scratch/bioinfo_core/B24078_ERSO_01/data_output/:/mnt/beegfs/scratch/bioinfo_core/B24078_ERSO_01/data_output/ -B /mnt/beegfs/pipelines/single-cell/lr_1.3_test/single-cell_old:/mnt/beegfs/pipelines/single-cell/lr_1.3_test/single-cell_old /mnt/beegfs/pipelines/single-cell/lr_1.3_test/single-cell_old/envs/singularity/single_cell.simg Rscript         /mnt/beegfs/pipelines/single-cell/lr_1.3_test/single-cell_old/scripts/LR/get_barcodes_variants_compare.R         --input_rda_ge /mnt/beegfs/scratch/bioinfo_core/B24078_ERSO_01/data_output/4383_tumoral_GE/4383_tumoral_GE/4383_tumoral_GE_dims21_res0.2_sobj_isoform.rda         --output_cluster_ctrl /mnt/beegfs/scratch/bioinfo_core/B24078_ERSO_01/data_output/4383_tumoral_GE/4383_tumoral_GE/SNV_COMPARE/barcodes_ctrl.txt         --output_cluster_ofint /mnt/beegfs/scratch/bioinfo_core/B24078_ERSO_01/data_output/4383_tumoral_GE/4383_tumoral_GE/SNV_COMPARE/barcodes_ofint.txt         --cluster_ctrl 2,0         --cluster_ofint 1,9
        
/mnt/beegfs/pipelines/single-cell/lr_1.3_test/single-cell/profiles/slurm/slurm-submit.py:154: SyntaxWarning: invalid escape sequence '\d'
  m = re.search("Submitted batch job (\d+)", res)
[Fri Feb  7 10:56:58 2025]
Error in rule extract_barcodes:
    jobid: 411
    input: /mnt/beegfs/scratch/bioinfo_core/B24078_ERSO_01/data_output/4383_tumoral_CD45_pos_GE/4383_tumoral_CD45_pos_GE/4383_tumoral_CD45_pos_GE_dims25_res0.2_sobj_isoform.rda
    output: /mnt/beegfs/scratch/bioinfo_core/B24078_ERSO_01/data_output/4383_tumoral_CD45_pos_GE/4383_tumoral_CD45_pos_GE/SNV_COMPARE/barcodes_ctrl.txt, /mnt/beegfs/scratch/bioinfo_core/B24078_ERSO_01/data_output/4383_tumoral_CD45_pos_GE/4383_tumoral_CD45_pos_GE/SNV_COMPARE/barcodes_ofint.txt
    shell:
        
        module load singularity
            
        singularity exec --no-home -B /mnt/beegfs/scratch/bioinfo_core/B24078_ERSO_01/data_output/:/mnt/beegfs/scratch/bioinfo_core/B24078_ERSO_01/data_output/ -B /mnt/beegfs/pipelines/single-cell/lr_1.3_test/single-cell_old:/mnt/beegfs/pipelines/single-cell/lr_1.3_test/single-cell_old /mnt/beegfs/pipelines/single-cell/lr_1.3_test/single-cell_old/envs/singularity/single_cell.simg Rscript         /mnt/beegfs/pipelines/single-cell/lr_1.3_test/single-cell_old/scripts/LR/get_barcodes_variants_compare.R         --input_rda_ge /mnt/beegfs/scratch/bioinfo_core/B24078_ERSO_01/data_output/4383_tumoral_CD45_pos_GE/4383_tumoral_CD45_pos_GE/4383_tumoral_CD45_pos_GE_dims25_res0.2_sobj_isoform.rda         --output_cluster_ctrl /mnt/beegfs/scratch/bioinfo_core/B24078_ERSO_01/data_output/4383_tumoral_CD45_pos_GE/4383_tumoral_CD45_pos_GE/SNV_COMPARE/barcodes_ctrl.txt         --output_cluster_ofint /mnt/beegfs/scratch/bioinfo_core/B24078_ERSO_01/data_output/4383_tumoral_CD45_pos_GE/4383_tumoral_CD45_pos_GE/SNV_COMPARE/barcodes_ofint.txt         --cluster_ctrl 3         --cluster_ofint 1
        
        (one of the commands exited with non-zero exit code; note that snakemake uses bash strict mode!)
    cluster_jobid: 3381519

Error executing rule extract_barcodes on cluster (jobid: 411, external: 3381519, jobscript: /mnt/beegfs/pipelines/single-cell/lr_1.3_test/single-cell/test/log/.snakemake/tmp.74wa97gr/extract_barcodes.411.snakejob). For error details see the cluster log and the log files of the involved rule(s).
Submitted job 410 with external jobid '3381526'.
Trying to restart job 411.
Select jobs to execute...

[Fri Feb  7 10:57:09 2025]
rule extract_barcodes:
    input: /mnt/beegfs/scratch/bioinfo_core/B24078_ERSO_01/data_output/4383_tumoral_CD45_pos_GE/4383_tumoral_CD45_pos_GE/4383_tumoral_CD45_pos_GE_dims25_res0.2_sobj_isoform.rda
    output: /mnt/beegfs/scratch/bioinfo_core/B24078_ERSO_01/data_output/4383_tumoral_CD45_pos_GE/4383_tumoral_CD45_pos_GE/SNV_COMPARE/barcodes_ctrl.txt, /mnt/beegfs/scratch/bioinfo_core/B24078_ERSO_01/data_output/4383_tumoral_CD45_pos_GE/4383_tumoral_CD45_pos_GE/SNV_COMPARE/barcodes_ofint.txt
    jobid: 411
    reason: Missing output files: /mnt/beegfs/scratch/bioinfo_core/B24078_ERSO_01/data_output/4383_tumoral_CD45_pos_GE/4383_tumoral_CD45_pos_GE/SNV_COMPARE/barcodes_ctrl.txt, /mnt/beegfs/scratch/bioinfo_core/B24078_ERSO_01/data_output/4383_tumoral_CD45_pos_GE/4383_tumoral_CD45_pos_GE/SNV_COMPARE/barcodes_ofint.txt
    wildcards: sample_name_ge=4383_tumoral_CD45_pos_GE
    threads: 2
    resources: mem_mb=10240, mem_mib=9766, disk_mb=1000, disk_mib=954, tmpdir=<TBD>, time_min=40


        module load singularity
            
        singularity exec --no-home -B /mnt/beegfs/scratch/bioinfo_core/B24078_ERSO_01/data_output/:/mnt/beegfs/scratch/bioinfo_core/B24078_ERSO_01/data_output/ -B /mnt/beegfs/pipelines/single-cell/lr_1.3_test/single-cell_old:/mnt/beegfs/pipelines/single-cell/lr_1.3_test/single-cell_old /mnt/beegfs/pipelines/single-cell/lr_1.3_test/single-cell_old/envs/singularity/single_cell.simg Rscript         /mnt/beegfs/pipelines/single-cell/lr_1.3_test/single-cell_old/scripts/LR/get_barcodes_variants_compare.R         --input_rda_ge /mnt/beegfs/scratch/bioinfo_core/B24078_ERSO_01/data_output/4383_tumoral_CD45_pos_GE/4383_tumoral_CD45_pos_GE/4383_tumoral_CD45_pos_GE_dims25_res0.2_sobj_isoform.rda         --output_cluster_ctrl /mnt/beegfs/scratch/bioinfo_core/B24078_ERSO_01/data_output/4383_tumoral_CD45_pos_GE/4383_tumoral_CD45_pos_GE/SNV_COMPARE/barcodes_ctrl.txt         --output_cluster_ofint /mnt/beegfs/scratch/bioinfo_core/B24078_ERSO_01/data_output/4383_tumoral_CD45_pos_GE/4383_tumoral_CD45_pos_GE/SNV_COMPARE/barcodes_ofint.txt         --cluster_ctrl 3         --cluster_ofint 1
        
/mnt/beegfs/pipelines/single-cell/lr_1.3_test/single-cell/profiles/slurm/slurm-submit.py:154: SyntaxWarning: invalid escape sequence '\d'
  m = re.search("Submitted batch job (\d+)", res)
Submitted job 411 with external jobid '3381527'.
[Fri Feb  7 10:58:09 2025]
Error in rule extract_barcodes:
    jobid: 410
    input: /mnt/beegfs/scratch/bioinfo_core/B24078_ERSO_01/data_output/4383_tumoral_GE/4383_tumoral_GE/4383_tumoral_GE_dims21_res0.2_sobj_isoform.rda
    output: /mnt/beegfs/scratch/bioinfo_core/B24078_ERSO_01/data_output/4383_tumoral_GE/4383_tumoral_GE/SNV_COMPARE/barcodes_ctrl.txt, /mnt/beegfs/scratch/bioinfo_core/B24078_ERSO_01/data_output/4383_tumoral_GE/4383_tumoral_GE/SNV_COMPARE/barcodes_ofint.txt
    shell:
        
        module load singularity
            
        singularity exec --no-home -B /mnt/beegfs/scratch/bioinfo_core/B24078_ERSO_01/data_output/:/mnt/beegfs/scratch/bioinfo_core/B24078_ERSO_01/data_output/ -B /mnt/beegfs/pipelines/single-cell/lr_1.3_test/single-cell_old:/mnt/beegfs/pipelines/single-cell/lr_1.3_test/single-cell_old /mnt/beegfs/pipelines/single-cell/lr_1.3_test/single-cell_old/envs/singularity/single_cell.simg Rscript         /mnt/beegfs/pipelines/single-cell/lr_1.3_test/single-cell_old/scripts/LR/get_barcodes_variants_compare.R         --input_rda_ge /mnt/beegfs/scratch/bioinfo_core/B24078_ERSO_01/data_output/4383_tumoral_GE/4383_tumoral_GE/4383_tumoral_GE_dims21_res0.2_sobj_isoform.rda         --output_cluster_ctrl /mnt/beegfs/scratch/bioinfo_core/B24078_ERSO_01/data_output/4383_tumoral_GE/4383_tumoral_GE/SNV_COMPARE/barcodes_ctrl.txt         --output_cluster_ofint /mnt/beegfs/scratch/bioinfo_core/B24078_ERSO_01/data_output/4383_tumoral_GE/4383_tumoral_GE/SNV_COMPARE/barcodes_ofint.txt         --cluster_ctrl 2,0         --cluster_ofint 1,9
        
        (one of the commands exited with non-zero exit code; note that snakemake uses bash strict mode!)
    cluster_jobid: 3381526

Error executing rule extract_barcodes on cluster (jobid: 410, external: 3381526, jobscript: /mnt/beegfs/pipelines/single-cell/lr_1.3_test/single-cell/test/log/.snakemake/tmp.74wa97gr/extract_barcodes.410.snakejob). For error details see the cluster log and the log files of the involved rule(s).
Trying to restart job 410.
Select jobs to execute...

[Fri Feb  7 10:58:10 2025]
rule extract_barcodes:
    input: /mnt/beegfs/scratch/bioinfo_core/B24078_ERSO_01/data_output/4383_tumoral_GE/4383_tumoral_GE/4383_tumoral_GE_dims21_res0.2_sobj_isoform.rda
    output: /mnt/beegfs/scratch/bioinfo_core/B24078_ERSO_01/data_output/4383_tumoral_GE/4383_tumoral_GE/SNV_COMPARE/barcodes_ctrl.txt, /mnt/beegfs/scratch/bioinfo_core/B24078_ERSO_01/data_output/4383_tumoral_GE/4383_tumoral_GE/SNV_COMPARE/barcodes_ofint.txt
    jobid: 410
    reason: Missing output files: /mnt/beegfs/scratch/bioinfo_core/B24078_ERSO_01/data_output/4383_tumoral_GE/4383_tumoral_GE/SNV_COMPARE/barcodes_ofint.txt, /mnt/beegfs/scratch/bioinfo_core/B24078_ERSO_01/data_output/4383_tumoral_GE/4383_tumoral_GE/SNV_COMPARE/barcodes_ctrl.txt
    wildcards: sample_name_ge=4383_tumoral_GE
    threads: 2
    resources: mem_mb=15360, mem_mib=14649, disk_mb=1000, disk_mib=954, tmpdir=<TBD>, time_min=60


        module load singularity
            
        singularity exec --no-home -B /mnt/beegfs/scratch/bioinfo_core/B24078_ERSO_01/data_output/:/mnt/beegfs/scratch/bioinfo_core/B24078_ERSO_01/data_output/ -B /mnt/beegfs/pipelines/single-cell/lr_1.3_test/single-cell_old:/mnt/beegfs/pipelines/single-cell/lr_1.3_test/single-cell_old /mnt/beegfs/pipelines/single-cell/lr_1.3_test/single-cell_old/envs/singularity/single_cell.simg Rscript         /mnt/beegfs/pipelines/single-cell/lr_1.3_test/single-cell_old/scripts/LR/get_barcodes_variants_compare.R         --input_rda_ge /mnt/beegfs/scratch/bioinfo_core/B24078_ERSO_01/data_output/4383_tumoral_GE/4383_tumoral_GE/4383_tumoral_GE_dims21_res0.2_sobj_isoform.rda         --output_cluster_ctrl /mnt/beegfs/scratch/bioinfo_core/B24078_ERSO_01/data_output/4383_tumoral_GE/4383_tumoral_GE/SNV_COMPARE/barcodes_ctrl.txt         --output_cluster_ofint /mnt/beegfs/scratch/bioinfo_core/B24078_ERSO_01/data_output/4383_tumoral_GE/4383_tumoral_GE/SNV_COMPARE/barcodes_ofint.txt         --cluster_ctrl 2,0         --cluster_ofint 1,9
        
/mnt/beegfs/pipelines/single-cell/lr_1.3_test/single-cell/profiles/slurm/slurm-submit.py:154: SyntaxWarning: invalid escape sequence '\d'
  m = re.search("Submitted batch job (\d+)", res)
[Fri Feb  7 10:58:10 2025]
Error in rule extract_barcodes:
    jobid: 411
    input: /mnt/beegfs/scratch/bioinfo_core/B24078_ERSO_01/data_output/4383_tumoral_CD45_pos_GE/4383_tumoral_CD45_pos_GE/4383_tumoral_CD45_pos_GE_dims25_res0.2_sobj_isoform.rda
    output: /mnt/beegfs/scratch/bioinfo_core/B24078_ERSO_01/data_output/4383_tumoral_CD45_pos_GE/4383_tumoral_CD45_pos_GE/SNV_COMPARE/barcodes_ctrl.txt, /mnt/beegfs/scratch/bioinfo_core/B24078_ERSO_01/data_output/4383_tumoral_CD45_pos_GE/4383_tumoral_CD45_pos_GE/SNV_COMPARE/barcodes_ofint.txt
    shell:
        
        module load singularity
            
        singularity exec --no-home -B /mnt/beegfs/scratch/bioinfo_core/B24078_ERSO_01/data_output/:/mnt/beegfs/scratch/bioinfo_core/B24078_ERSO_01/data_output/ -B /mnt/beegfs/pipelines/single-cell/lr_1.3_test/single-cell_old:/mnt/beegfs/pipelines/single-cell/lr_1.3_test/single-cell_old /mnt/beegfs/pipelines/single-cell/lr_1.3_test/single-cell_old/envs/singularity/single_cell.simg Rscript         /mnt/beegfs/pipelines/single-cell/lr_1.3_test/single-cell_old/scripts/LR/get_barcodes_variants_compare.R         --input_rda_ge /mnt/beegfs/scratch/bioinfo_core/B24078_ERSO_01/data_output/4383_tumoral_CD45_pos_GE/4383_tumoral_CD45_pos_GE/4383_tumoral_CD45_pos_GE_dims25_res0.2_sobj_isoform.rda         --output_cluster_ctrl /mnt/beegfs/scratch/bioinfo_core/B24078_ERSO_01/data_output/4383_tumoral_CD45_pos_GE/4383_tumoral_CD45_pos_GE/SNV_COMPARE/barcodes_ctrl.txt         --output_cluster_ofint /mnt/beegfs/scratch/bioinfo_core/B24078_ERSO_01/data_output/4383_tumoral_CD45_pos_GE/4383_tumoral_CD45_pos_GE/SNV_COMPARE/barcodes_ofint.txt         --cluster_ctrl 3         --cluster_ofint 1
        
        (one of the commands exited with non-zero exit code; note that snakemake uses bash strict mode!)
    cluster_jobid: 3381527

Error executing rule extract_barcodes on cluster (jobid: 411, external: 3381527, jobscript: /mnt/beegfs/pipelines/single-cell/lr_1.3_test/single-cell/test/log/.snakemake/tmp.74wa97gr/extract_barcodes.411.snakejob). For error details see the cluster log and the log files of the involved rule(s).
Submitted job 410 with external jobid '3381529'.
Trying to restart job 411.
Select jobs to execute...

[Fri Feb  7 10:58:13 2025]
rule extract_barcodes:
    input: /mnt/beegfs/scratch/bioinfo_core/B24078_ERSO_01/data_output/4383_tumoral_CD45_pos_GE/4383_tumoral_CD45_pos_GE/4383_tumoral_CD45_pos_GE_dims25_res0.2_sobj_isoform.rda
    output: /mnt/beegfs/scratch/bioinfo_core/B24078_ERSO_01/data_output/4383_tumoral_CD45_pos_GE/4383_tumoral_CD45_pos_GE/SNV_COMPARE/barcodes_ctrl.txt, /mnt/beegfs/scratch/bioinfo_core/B24078_ERSO_01/data_output/4383_tumoral_CD45_pos_GE/4383_tumoral_CD45_pos_GE/SNV_COMPARE/barcodes_ofint.txt
    jobid: 411
    reason: Missing output files: /mnt/beegfs/scratch/bioinfo_core/B24078_ERSO_01/data_output/4383_tumoral_CD45_pos_GE/4383_tumoral_CD45_pos_GE/SNV_COMPARE/barcodes_ctrl.txt, /mnt/beegfs/scratch/bioinfo_core/B24078_ERSO_01/data_output/4383_tumoral_CD45_pos_GE/4383_tumoral_CD45_pos_GE/SNV_COMPARE/barcodes_ofint.txt
    wildcards: sample_name_ge=4383_tumoral_CD45_pos_GE
    threads: 2
    resources: mem_mb=15360, mem_mib=14649, disk_mb=1000, disk_mib=954, tmpdir=<TBD>, time_min=60


        module load singularity
            
        singularity exec --no-home -B /mnt/beegfs/scratch/bioinfo_core/B24078_ERSO_01/data_output/:/mnt/beegfs/scratch/bioinfo_core/B24078_ERSO_01/data_output/ -B /mnt/beegfs/pipelines/single-cell/lr_1.3_test/single-cell_old:/mnt/beegfs/pipelines/single-cell/lr_1.3_test/single-cell_old /mnt/beegfs/pipelines/single-cell/lr_1.3_test/single-cell_old/envs/singularity/single_cell.simg Rscript         /mnt/beegfs/pipelines/single-cell/lr_1.3_test/single-cell_old/scripts/LR/get_barcodes_variants_compare.R         --input_rda_ge /mnt/beegfs/scratch/bioinfo_core/B24078_ERSO_01/data_output/4383_tumoral_CD45_pos_GE/4383_tumoral_CD45_pos_GE/4383_tumoral_CD45_pos_GE_dims25_res0.2_sobj_isoform.rda         --output_cluster_ctrl /mnt/beegfs/scratch/bioinfo_core/B24078_ERSO_01/data_output/4383_tumoral_CD45_pos_GE/4383_tumoral_CD45_pos_GE/SNV_COMPARE/barcodes_ctrl.txt         --output_cluster_ofint /mnt/beegfs/scratch/bioinfo_core/B24078_ERSO_01/data_output/4383_tumoral_CD45_pos_GE/4383_tumoral_CD45_pos_GE/SNV_COMPARE/barcodes_ofint.txt         --cluster_ctrl 3         --cluster_ofint 1
        
/mnt/beegfs/pipelines/single-cell/lr_1.3_test/single-cell/profiles/slurm/slurm-submit.py:154: SyntaxWarning: invalid escape sequence '\d'
  m = re.search("Submitted batch job (\d+)", res)
Submitted job 411 with external jobid '3381530'.
[Fri Feb  7 10:58:32 2025]
Error in rule extract_barcodes:
    jobid: 410
    input: /mnt/beegfs/scratch/bioinfo_core/B24078_ERSO_01/data_output/4383_tumoral_GE/4383_tumoral_GE/4383_tumoral_GE_dims21_res0.2_sobj_isoform.rda
    output: /mnt/beegfs/scratch/bioinfo_core/B24078_ERSO_01/data_output/4383_tumoral_GE/4383_tumoral_GE/SNV_COMPARE/barcodes_ctrl.txt, /mnt/beegfs/scratch/bioinfo_core/B24078_ERSO_01/data_output/4383_tumoral_GE/4383_tumoral_GE/SNV_COMPARE/barcodes_ofint.txt
    shell:
        
        module load singularity
            
        singularity exec --no-home -B /mnt/beegfs/scratch/bioinfo_core/B24078_ERSO_01/data_output/:/mnt/beegfs/scratch/bioinfo_core/B24078_ERSO_01/data_output/ -B /mnt/beegfs/pipelines/single-cell/lr_1.3_test/single-cell_old:/mnt/beegfs/pipelines/single-cell/lr_1.3_test/single-cell_old /mnt/beegfs/pipelines/single-cell/lr_1.3_test/single-cell_old/envs/singularity/single_cell.simg Rscript         /mnt/beegfs/pipelines/single-cell/lr_1.3_test/single-cell_old/scripts/LR/get_barcodes_variants_compare.R         --input_rda_ge /mnt/beegfs/scratch/bioinfo_core/B24078_ERSO_01/data_output/4383_tumoral_GE/4383_tumoral_GE/4383_tumoral_GE_dims21_res0.2_sobj_isoform.rda         --output_cluster_ctrl /mnt/beegfs/scratch/bioinfo_core/B24078_ERSO_01/data_output/4383_tumoral_GE/4383_tumoral_GE/SNV_COMPARE/barcodes_ctrl.txt         --output_cluster_ofint /mnt/beegfs/scratch/bioinfo_core/B24078_ERSO_01/data_output/4383_tumoral_GE/4383_tumoral_GE/SNV_COMPARE/barcodes_ofint.txt         --cluster_ctrl 2,0         --cluster_ofint 1,9
        
        (one of the commands exited with non-zero exit code; note that snakemake uses bash strict mode!)
    cluster_jobid: 3381529

Error executing rule extract_barcodes on cluster (jobid: 410, external: 3381529, jobscript: /mnt/beegfs/pipelines/single-cell/lr_1.3_test/single-cell/test/log/.snakemake/tmp.74wa97gr/extract_barcodes.410.snakejob). For error details see the cluster log and the log files of the involved rule(s).
Trying to restart job 410.
Select jobs to execute...

[Fri Feb  7 10:58:32 2025]
rule extract_barcodes:
    input: /mnt/beegfs/scratch/bioinfo_core/B24078_ERSO_01/data_output/4383_tumoral_GE/4383_tumoral_GE/4383_tumoral_GE_dims21_res0.2_sobj_isoform.rda
    output: /mnt/beegfs/scratch/bioinfo_core/B24078_ERSO_01/data_output/4383_tumoral_GE/4383_tumoral_GE/SNV_COMPARE/barcodes_ctrl.txt, /mnt/beegfs/scratch/bioinfo_core/B24078_ERSO_01/data_output/4383_tumoral_GE/4383_tumoral_GE/SNV_COMPARE/barcodes_ofint.txt
    jobid: 410
    reason: Missing output files: /mnt/beegfs/scratch/bioinfo_core/B24078_ERSO_01/data_output/4383_tumoral_GE/4383_tumoral_GE/SNV_COMPARE/barcodes_ofint.txt, /mnt/beegfs/scratch/bioinfo_core/B24078_ERSO_01/data_output/4383_tumoral_GE/4383_tumoral_GE/SNV_COMPARE/barcodes_ctrl.txt
    wildcards: sample_name_ge=4383_tumoral_GE
    threads: 2
    resources: mem_mb=15360, mem_mib=14649, disk_mb=1000, disk_mib=954, tmpdir=<TBD>, time_min=60


        module load singularity
            
        singularity exec --no-home -B /mnt/beegfs/scratch/bioinfo_core/B24078_ERSO_01/data_output/:/mnt/beegfs/scratch/bioinfo_core/B24078_ERSO_01/data_output/ -B /mnt/beegfs/pipelines/single-cell/lr_1.3_test/single-cell_old:/mnt/beegfs/pipelines/single-cell/lr_1.3_test/single-cell_old /mnt/beegfs/pipelines/single-cell/lr_1.3_test/single-cell_old/envs/singularity/single_cell.simg Rscript         /mnt/beegfs/pipelines/single-cell/lr_1.3_test/single-cell_old/scripts/LR/get_barcodes_variants_compare.R         --input_rda_ge /mnt/beegfs/scratch/bioinfo_core/B24078_ERSO_01/data_output/4383_tumoral_GE/4383_tumoral_GE/4383_tumoral_GE_dims21_res0.2_sobj_isoform.rda         --output_cluster_ctrl /mnt/beegfs/scratch/bioinfo_core/B24078_ERSO_01/data_output/4383_tumoral_GE/4383_tumoral_GE/SNV_COMPARE/barcodes_ctrl.txt         --output_cluster_ofint /mnt/beegfs/scratch/bioinfo_core/B24078_ERSO_01/data_output/4383_tumoral_GE/4383_tumoral_GE/SNV_COMPARE/barcodes_ofint.txt         --cluster_ctrl 2,0         --cluster_ofint 1,9
        
/mnt/beegfs/pipelines/single-cell/lr_1.3_test/single-cell/profiles/slurm/slurm-submit.py:154: SyntaxWarning: invalid escape sequence '\d'
  m = re.search("Submitted batch job (\d+)", res)
[Fri Feb  7 10:58:34 2025]
Error in rule extract_barcodes:
    jobid: 411
    input: /mnt/beegfs/scratch/bioinfo_core/B24078_ERSO_01/data_output/4383_tumoral_CD45_pos_GE/4383_tumoral_CD45_pos_GE/4383_tumoral_CD45_pos_GE_dims25_res0.2_sobj_isoform.rda
    output: /mnt/beegfs/scratch/bioinfo_core/B24078_ERSO_01/data_output/4383_tumoral_CD45_pos_GE/4383_tumoral_CD45_pos_GE/SNV_COMPARE/barcodes_ctrl.txt, /mnt/beegfs/scratch/bioinfo_core/B24078_ERSO_01/data_output/4383_tumoral_CD45_pos_GE/4383_tumoral_CD45_pos_GE/SNV_COMPARE/barcodes_ofint.txt
    shell:
        
        module load singularity
            
        singularity exec --no-home -B /mnt/beegfs/scratch/bioinfo_core/B24078_ERSO_01/data_output/:/mnt/beegfs/scratch/bioinfo_core/B24078_ERSO_01/data_output/ -B /mnt/beegfs/pipelines/single-cell/lr_1.3_test/single-cell_old:/mnt/beegfs/pipelines/single-cell/lr_1.3_test/single-cell_old /mnt/beegfs/pipelines/single-cell/lr_1.3_test/single-cell_old/envs/singularity/single_cell.simg Rscript         /mnt/beegfs/pipelines/single-cell/lr_1.3_test/single-cell_old/scripts/LR/get_barcodes_variants_compare.R         --input_rda_ge /mnt/beegfs/scratch/bioinfo_core/B24078_ERSO_01/data_output/4383_tumoral_CD45_pos_GE/4383_tumoral_CD45_pos_GE/4383_tumoral_CD45_pos_GE_dims25_res0.2_sobj_isoform.rda         --output_cluster_ctrl /mnt/beegfs/scratch/bioinfo_core/B24078_ERSO_01/data_output/4383_tumoral_CD45_pos_GE/4383_tumoral_CD45_pos_GE/SNV_COMPARE/barcodes_ctrl.txt         --output_cluster_ofint /mnt/beegfs/scratch/bioinfo_core/B24078_ERSO_01/data_output/4383_tumoral_CD45_pos_GE/4383_tumoral_CD45_pos_GE/SNV_COMPARE/barcodes_ofint.txt         --cluster_ctrl 3         --cluster_ofint 1
        
        (one of the commands exited with non-zero exit code; note that snakemake uses bash strict mode!)
    cluster_jobid: 3381530

Error executing rule extract_barcodes on cluster (jobid: 411, external: 3381530, jobscript: /mnt/beegfs/pipelines/single-cell/lr_1.3_test/single-cell/test/log/.snakemake/tmp.74wa97gr/extract_barcodes.411.snakejob). For error details see the cluster log and the log files of the involved rule(s).
Submitted job 410 with external jobid '3381531'.
Trying to restart job 411.
Select jobs to execute...

[Fri Feb  7 10:58:39 2025]
rule extract_barcodes:
    input: /mnt/beegfs/scratch/bioinfo_core/B24078_ERSO_01/data_output/4383_tumoral_CD45_pos_GE/4383_tumoral_CD45_pos_GE/4383_tumoral_CD45_pos_GE_dims25_res0.2_sobj_isoform.rda
    output: /mnt/beegfs/scratch/bioinfo_core/B24078_ERSO_01/data_output/4383_tumoral_CD45_pos_GE/4383_tumoral_CD45_pos_GE/SNV_COMPARE/barcodes_ctrl.txt, /mnt/beegfs/scratch/bioinfo_core/B24078_ERSO_01/data_output/4383_tumoral_CD45_pos_GE/4383_tumoral_CD45_pos_GE/SNV_COMPARE/barcodes_ofint.txt
    jobid: 411
    reason: Missing output files: /mnt/beegfs/scratch/bioinfo_core/B24078_ERSO_01/data_output/4383_tumoral_CD45_pos_GE/4383_tumoral_CD45_pos_GE/SNV_COMPARE/barcodes_ctrl.txt, /mnt/beegfs/scratch/bioinfo_core/B24078_ERSO_01/data_output/4383_tumoral_CD45_pos_GE/4383_tumoral_CD45_pos_GE/SNV_COMPARE/barcodes_ofint.txt
    wildcards: sample_name_ge=4383_tumoral_CD45_pos_GE
    threads: 2
    resources: mem_mb=15360, mem_mib=14649, disk_mb=1000, disk_mib=954, tmpdir=<TBD>, time_min=60


        module load singularity
            
        singularity exec --no-home -B /mnt/beegfs/scratch/bioinfo_core/B24078_ERSO_01/data_output/:/mnt/beegfs/scratch/bioinfo_core/B24078_ERSO_01/data_output/ -B /mnt/beegfs/pipelines/single-cell/lr_1.3_test/single-cell_old:/mnt/beegfs/pipelines/single-cell/lr_1.3_test/single-cell_old /mnt/beegfs/pipelines/single-cell/lr_1.3_test/single-cell_old/envs/singularity/single_cell.simg Rscript         /mnt/beegfs/pipelines/single-cell/lr_1.3_test/single-cell_old/scripts/LR/get_barcodes_variants_compare.R         --input_rda_ge /mnt/beegfs/scratch/bioinfo_core/B24078_ERSO_01/data_output/4383_tumoral_CD45_pos_GE/4383_tumoral_CD45_pos_GE/4383_tumoral_CD45_pos_GE_dims25_res0.2_sobj_isoform.rda         --output_cluster_ctrl /mnt/beegfs/scratch/bioinfo_core/B24078_ERSO_01/data_output/4383_tumoral_CD45_pos_GE/4383_tumoral_CD45_pos_GE/SNV_COMPARE/barcodes_ctrl.txt         --output_cluster_ofint /mnt/beegfs/scratch/bioinfo_core/B24078_ERSO_01/data_output/4383_tumoral_CD45_pos_GE/4383_tumoral_CD45_pos_GE/SNV_COMPARE/barcodes_ofint.txt         --cluster_ctrl 3         --cluster_ofint 1
        
/mnt/beegfs/pipelines/single-cell/lr_1.3_test/single-cell/profiles/slurm/slurm-submit.py:154: SyntaxWarning: invalid escape sequence '\d'
  m = re.search("Submitted batch job (\d+)", res)
Submitted job 411 with external jobid '3381532'.
[Fri Feb  7 10:58:57 2025]
Error in rule extract_barcodes:
    jobid: 410
    input: /mnt/beegfs/scratch/bioinfo_core/B24078_ERSO_01/data_output/4383_tumoral_GE/4383_tumoral_GE/4383_tumoral_GE_dims21_res0.2_sobj_isoform.rda
    output: /mnt/beegfs/scratch/bioinfo_core/B24078_ERSO_01/data_output/4383_tumoral_GE/4383_tumoral_GE/SNV_COMPARE/barcodes_ctrl.txt, /mnt/beegfs/scratch/bioinfo_core/B24078_ERSO_01/data_output/4383_tumoral_GE/4383_tumoral_GE/SNV_COMPARE/barcodes_ofint.txt
    shell:
        
        module load singularity
            
        singularity exec --no-home -B /mnt/beegfs/scratch/bioinfo_core/B24078_ERSO_01/data_output/:/mnt/beegfs/scratch/bioinfo_core/B24078_ERSO_01/data_output/ -B /mnt/beegfs/pipelines/single-cell/lr_1.3_test/single-cell_old:/mnt/beegfs/pipelines/single-cell/lr_1.3_test/single-cell_old /mnt/beegfs/pipelines/single-cell/lr_1.3_test/single-cell_old/envs/singularity/single_cell.simg Rscript         /mnt/beegfs/pipelines/single-cell/lr_1.3_test/single-cell_old/scripts/LR/get_barcodes_variants_compare.R         --input_rda_ge /mnt/beegfs/scratch/bioinfo_core/B24078_ERSO_01/data_output/4383_tumoral_GE/4383_tumoral_GE/4383_tumoral_GE_dims21_res0.2_sobj_isoform.rda         --output_cluster_ctrl /mnt/beegfs/scratch/bioinfo_core/B24078_ERSO_01/data_output/4383_tumoral_GE/4383_tumoral_GE/SNV_COMPARE/barcodes_ctrl.txt         --output_cluster_ofint /mnt/beegfs/scratch/bioinfo_core/B24078_ERSO_01/data_output/4383_tumoral_GE/4383_tumoral_GE/SNV_COMPARE/barcodes_ofint.txt         --cluster_ctrl 2,0         --cluster_ofint 1,9
        
        (one of the commands exited with non-zero exit code; note that snakemake uses bash strict mode!)
    cluster_jobid: 3381531

Error executing rule extract_barcodes on cluster (jobid: 410, external: 3381531, jobscript: /mnt/beegfs/pipelines/single-cell/lr_1.3_test/single-cell/test/log/.snakemake/tmp.74wa97gr/extract_barcodes.410.snakejob). For error details see the cluster log and the log files of the involved rule(s).
[Fri Feb  7 10:58:58 2025]
Error in rule extract_barcodes:
    jobid: 411
    input: /mnt/beegfs/scratch/bioinfo_core/B24078_ERSO_01/data_output/4383_tumoral_CD45_pos_GE/4383_tumoral_CD45_pos_GE/4383_tumoral_CD45_pos_GE_dims25_res0.2_sobj_isoform.rda
    output: /mnt/beegfs/scratch/bioinfo_core/B24078_ERSO_01/data_output/4383_tumoral_CD45_pos_GE/4383_tumoral_CD45_pos_GE/SNV_COMPARE/barcodes_ctrl.txt, /mnt/beegfs/scratch/bioinfo_core/B24078_ERSO_01/data_output/4383_tumoral_CD45_pos_GE/4383_tumoral_CD45_pos_GE/SNV_COMPARE/barcodes_ofint.txt
    shell:
        
        module load singularity
            
        singularity exec --no-home -B /mnt/beegfs/scratch/bioinfo_core/B24078_ERSO_01/data_output/:/mnt/beegfs/scratch/bioinfo_core/B24078_ERSO_01/data_output/ -B /mnt/beegfs/pipelines/single-cell/lr_1.3_test/single-cell_old:/mnt/beegfs/pipelines/single-cell/lr_1.3_test/single-cell_old /mnt/beegfs/pipelines/single-cell/lr_1.3_test/single-cell_old/envs/singularity/single_cell.simg Rscript         /mnt/beegfs/pipelines/single-cell/lr_1.3_test/single-cell_old/scripts/LR/get_barcodes_variants_compare.R         --input_rda_ge /mnt/beegfs/scratch/bioinfo_core/B24078_ERSO_01/data_output/4383_tumoral_CD45_pos_GE/4383_tumoral_CD45_pos_GE/4383_tumoral_CD45_pos_GE_dims25_res0.2_sobj_isoform.rda         --output_cluster_ctrl /mnt/beegfs/scratch/bioinfo_core/B24078_ERSO_01/data_output/4383_tumoral_CD45_pos_GE/4383_tumoral_CD45_pos_GE/SNV_COMPARE/barcodes_ctrl.txt         --output_cluster_ofint /mnt/beegfs/scratch/bioinfo_core/B24078_ERSO_01/data_output/4383_tumoral_CD45_pos_GE/4383_tumoral_CD45_pos_GE/SNV_COMPARE/barcodes_ofint.txt         --cluster_ctrl 3         --cluster_ofint 1
        
        (one of the commands exited with non-zero exit code; note that snakemake uses bash strict mode!)
    cluster_jobid: 3381532

Error executing rule extract_barcodes on cluster (jobid: 411, external: 3381532, jobscript: /mnt/beegfs/pipelines/single-cell/lr_1.3_test/single-cell/test/log/.snakemake/tmp.74wa97gr/extract_barcodes.411.snakejob). For error details see the cluster log and the log files of the involved rule(s).
Exiting because a job execution failed. Look above for error message
Complete log: .snakemake/log/2025-02-07T105031.882045.snakemake.log
