Using profile /mnt/beegfs/pipelines/single-cell/lr_1.3_test/single-cell/profiles/slurm for setting default command line arguments.

############################################################# 


	 Single-cell RNA-seq pipeline 


############################################################# 


#################### Setting Parameters ####################

Temporary directory is set to: /mnt/beegfs/scratch/r_jelin/single_cell_long_reads/tmp/
Note: No sample.name.ge or input.dir.ge find in Droplets_QC_GE section of configfile; sample.name.ge and input.dir.ge will be determine from Alignment_countTable_LR_GE step for Droplets_QC_GE step!
Note: No input.rda.ge find in Filtering_GE section of configfile; input.rda.ge will be determine from Droplets_QC_GE step for Filtering_GE step!
Note: No output.dir.ge find in Filtering_GE section of configfile; output.dir.ge will be determine from Droplets_QC_GE step for Filtering_GE step!
Note: No input.rda.ge find in Norm_DimRed_Eval_GE section of configfile; input.rda.ge will be determine from Filtering_GE step for Norm_DimRed_Eval_GE step!
Note: No output.dir.ge find in Norm_DimRed_Eval_GE section of configfile; output.dir.ge will be determine from Filtering_GE step for Norm_DimRed_Eval_GE step!
Note: No input.rda.ge and sample.name.ge find in Clust_Markers_Annot_GE section of configfile; input.rda.ge and sample.name.ge will be determine from Norm_DimRed_Eval_GE step for Clust_Markers_Annot_GE step!
Note: No output.dir.ge find in Clust_Markers_Annot_GE section of configfile; output.dir.ge will be determine from Norm_DimRed_Eval_GE step for Clust_Markers_Annot_GE step!
Note: input.rda will be determine from Clust_Markers_Annot_GE step for Isoform_Markers_GE step!
Note: input.rda will be determine from Clust_Markers_Annot_GE step for Cerebro step!

########################### Run ############################

SyntaxError in file /mnt/beegfs/pipelines/single-cell/lr_1.3_test/single-cell/rules/Rule_all.smk, line 165:
closing parenthesis '}' does not match opening parenthesis '('
  File "/mnt/beegfs/pipelines/single-cell/lr_1.3_test/single-cell/Snakefile_old", line 1332, in <module>
{'4383_tumoral_GE': {'input_rda': '/mnt/beegfs/scratch/bioinfo_core/B24078_ERSO_01/data_output/4383_tumoral_GE/4383_tumoral_GE/4383_tumoral_GE_dims21_res0.2_sobj_isoform.rda', 'clusters_control': '2,0', 'clusters_of_interest': '1,9'}, '4383_tumoral_CD45_pos_GE': {'input_rda': '/mnt/beegfs/scratch/bioinfo_core/B24078_ERSO_01/data_output/4383_tumoral_CD45_pos_GE/4383_tumoral_CD45_pos_GE/4383_tumoral_CD45_pos_GE_dims25_res0.2_sobj_isoform.rda', 'clusters_control': '3', 'clusters_of_interest': '1'}}
